// Jest Snapshot v1, https://goo.gl/fbAQLP

exports[`Reset Page component renders correctly 1`] = `
<section
  id="login"
>
  <header>
    <ul>
      <li
        id="head-brand"
      >
        <a
          href="/"
          onClick={[Function]}
        >
          Send
          <span
            className="head-span"
          >
            IT
          </span>
        </a>
      </li>
    </ul>
    <ul
      className="ml-auto"
    >
      <li>
        <a
          href="/signup"
          onClick={[Function]}
        >
          Signup
        </a>
      </li>
    </ul>
  </header>
  <div
    className="banner bg-pd"
  >
    <div
      className="sendit-text mb-24"
    >
      <h5>
        The 
        <span
          className="head-span"
        >
          Courier
        </span>
         service app you've been waiting for
      </h5>
    </div>
    <div
      id="form-box"
    >
      <form
        className="text-center"
        id="resetForm"
        onSubmit={[Function]}
      >
        <div
          className="mb-14"
        >
          <input
            id="email"
            name="email"
            onChange={[Function]}
            placeholder="Email"
            required={true}
            type="email"
            value=""
          />
        </div>
        <div
          className="form-row"
        >
          <small>
            A reset link would be sent to you
          </small>
        </div>
        <div>
          <button
            className="btn sm is-outlined"
            type="submit"
          >
            Reset Password
          </button>
        </div>
      </form>
    </div>
  </div>
</section>
`;
