// Jest Snapshot v1, https://goo.gl/fbAQLP

exports[`Signup page component renders correctly 1`] = `
<section
  id="login"
>
  <header>
    <ul>
      <li
        id="head-brand"
      >
        <a
          href="/"
          onClick={[Function]}
        >
          Send
          <span
            className="head-span"
          >
            IT!
          </span>
        </a>
      </li>
    </ul>
    <ul
      className="ml-auto mt-25"
    >
      <li>
        <a
          href="/"
          onClick={[Function]}
        >
          Login
        </a>
      </li>
    </ul>
  </header>
  <div
    className="banner"
  >
    <div
      className="sendit-text"
    >
      <h5>
        The 
        <span
          className="head-span"
        >
          Courier
        </span>
         service app you've been waiting for
      </h5>
      <p
        className="mb-34"
      >
        Register to experience our world class courier services
      </p>
    </div>
    <div
      id="form-box"
    >
      <div
        className="text-center"
      >
        <form
          id="signupForm"
          onSubmit={[Function]}
        >
          <div
            className="column is-two form-row"
          >
            <input
              id="firstName"
              name="firstName"
              onChange={[Function]}
              placeholder="First name"
              required={true}
              type="text"
              value=""
            />
            <input
              id="lastName"
              name="lastName"
              onChange={[Function]}
              placeholder="Last name"
              required={true}
              type="text"
              value=""
            />
          </div>
          <div
            className="column is-two form-row"
          >
            <input
              id="email"
              name="email"
              onChange={[Function]}
              placeholder="Email"
              required={true}
              type="email"
              value=""
            />
            <input
              id="password"
              name="password"
              onChange={[Function]}
              placeholder="Password"
              required={true}
              type="password"
              value=""
            />
          </div>
          <button
            className="btn lg is-outlined"
            type="submit"
          >
            Signup
          </button>
        </form>
      </div>
    </div>
  </div>
</section>
`;
