// Jest Snapshot v1, https://goo.gl/fbAQLP

exports[`Private Route component renders correctly 1`] = `null`;
