// Jest Snapshot v1, https://goo.gl/fbAQLP

exports[`Aside nav component renders correctly 1`] = `
<aside
  className=""
>
  <div
    className="bg-blue"
    id="menu"
  >
    <div
      id="aside-profile"
    >
      <a
        href="/dashboard"
        onClick={[Function]}
      >
        <h3
          className="m-0 pb-10"
        >
          Send
          <span
            className="head-span"
          >
            IT
          </span>
        </h3>
      </a>
      <small
        className="d-block pb-10 white-3"
        id="user-id"
      >
        SD0
      </small>
      <small>
        <p
          className="m-0"
        >
          Welcome 
        </p>
        <p
          id="username"
        >
           
        </p>
      </small>
    </div>
    <ul
      className="mt-80"
    >
      <li>
        <img
          className="menu-ico"
          src="test-file-stub"
        />
        <a
          href="/dashboard"
          onClick={[Function]}
        >
          <span>
            Dashboard
          </span>
        </a>
      </li>
      <li>
        <img
          className="menu-ico"
          src="test-file-stub"
        />
        <a
          data-modal={true}
          data-target="#parcelmodal"
          href="/"
          onClick={[Function]}
        >
          <span>
            New Parcel
          </span>
        </a>
      </li>
      <li>
        <img
          className="menu-ico"
          src="test-file-stub"
        />
        <a
          href="/delivered_parcels"
          onClick={[Function]}
        >
          <span>
            Delivered Parcels
          </span>
        </a>
      </li>
      <li>
        <img
          className="menu-ico"
          src="test-file-stub"
        />
        <a
          href="/inTransit_parcels"
          onClick={[Function]}
        >
          <span>
            In-transit Parcels
          </span>
        </a>
      </li>
    </ul>
  </div>
</aside>
`;
